994 INFO: PyInstaller: 6.12.0, contrib hooks: 2025.1
994 INFO: Python: 3.12.2 (conda)
1010 INFO: Platform: macOS-26.1-arm64-arm-64bit
1010 INFO: Python environment: /Users/samlai/miniconda3/envs/Local
1018 INFO: Module search paths (PYTHONPATH):
['/Users/samlai/miniconda3/envs/Local/lib/python312.zip',
 '/Users/samlai/miniconda3/envs/Local/lib/python3.12',
 '/Users/samlai/miniconda3/envs/Local/lib/python3.12/lib-dynload',
 '/Users/samlai/miniconda3/envs/Local/lib/python3.12/site-packages',
 '/Users/samlai/miniconda3/envs/Local/lib/python3.12/site-packages/setuptools/_vendor',
 '/Users/samlai/Local_2']
760 WARNING: discover_hook_directories: Failed to process hook entry point 'EntryPoint(name='hook-dirs', value='rapidfuzz.__pyinstaller:get_hook_dirs', group='pyinstaller40')': AttributeError: module 'rapidfuzz.__pyinstaller' has no attribute 'get_hook_dirs'
pygame 2.6.1 (SDL 2.28.4, Python 3.12.2)
Hello from the pygame community. https://www.pygame.org/contribute.html
2201 INFO: checking Analysis
2201 INFO: Building Analysis because Analysis-00.toc is non existent
2201 INFO: Running Analysis Analysis-00.toc
2201 INFO: Target bytecode optimization level: 0
2201 INFO: Initializing module dependency graph...
2202 INFO: Initializing module graph hook caches...
2218 INFO: Analyzing modules for base_library.zip ...
4856 INFO: Processing standard module hook 'hook-encodings.py' from '/Users/samlai/miniconda3/envs/Local/lib/python3.12/site-packages/PyInstaller/hooks'
6785 INFO: Processing standard module hook 'hook-pickle.py' from '/Users/samlai/miniconda3/envs/Local/lib/python3.12/site-packages/PyInstaller/hooks'
7369 INFO: Processing standard module hook 'hook-heapq.py' from '/Users/samlai/miniconda3/envs/Local/lib/python3.12/site-packages/PyInstaller/hooks'
7732 INFO: Caching module dependency graph...
7758 INFO: Looking for Python shared library...
7766 INFO: Using Python shared library: /Users/samlai/miniconda3/envs/Local/lib/libpython3.12.dylib
7766 INFO: Analyzing /Users/samlai/Local_2/pyTools_resoLab/SFR_app_v2.py
7798 INFO: Processing standard module hook 'hook-cv2.py' from '/Users/samlai/miniconda3/envs/Local/lib/python3.12/site-packages/_pyinstaller_hooks_contrib/stdhooks'
8866 INFO: Processing standard module hook 'hook-numpy.py' from '/Users/samlai/miniconda3/envs/Local/lib/python3.12/site-packages/PyInstaller/hooks'
10094 WARNING: Conda distribution '__osx', dependency of 'numpy', was not found. If you installed this distribution with pip then you may ignore this warning.
10094 WARNING: Conda distribution '__osx', dependency of 'numpy', was not found. If you installed this distribution with pip then you may ignore this warning.
10094 WARNING: Conda distribution '__osx', dependency of 'numpy', was not found. If you installed this distribution with pip then you may ignore this warning.
10094 WARNING: Conda distribution '__osx', dependency of 'numpy', was not found. If you installed this distribution with pip then you may ignore this warning.
10094 WARNING: Conda distribution '__osx', dependency of 'numpy', was not found. If you installed this distribution with pip then you may ignore this warning.
10094 WARNING: Conda distribution '__osx', dependency of 'numpy', was not found. If you installed this distribution with pip then you may ignore this warning.
10094 WARNING: Conda distribution '__osx', dependency of 'numpy', was not found. If you installed this distribution with pip then you may ignore this warning.
10094 WARNING: Conda distribution '__unix', dependency of 'numpy', was not found. If you installed this distribution with pip then you may ignore this warning.
10094 WARNING: Conda distribution '__osx', dependency of 'numpy', was not found. If you installed this distribution with pip then you may ignore this warning.
10094 WARNING: Conda distribution '__osx', dependency of 'numpy', was not found. If you installed this distribution with pip then you may ignore this warning.
10094 WARNING: Conda distribution '__osx', dependency of 'numpy', was not found. If you installed this distribution with pip then you may ignore this warning.
10094 WARNING: Conda distribution '__osx', dependency of 'numpy', was not found. If you installed this distribution with pip then you may ignore this warning.
10336 INFO: Processing standard module hook 'hook-platform.py' from '/Users/samlai/miniconda3/envs/Local/lib/python3.12/site-packages/PyInstaller/hooks'
10368 INFO: Processing standard module hook 'hook-xml.py' from '/Users/samlai/miniconda3/envs/Local/lib/python3.12/site-packages/PyInstaller/hooks'
10562 INFO: Processing standard module hook 'hook-sysconfig.py' from '/Users/samlai/miniconda3/envs/Local/lib/python3.12/site-packages/PyInstaller/hooks'
11535 INFO: Processing standard module hook 'hook-difflib.py' from '/Users/samlai/miniconda3/envs/Local/lib/python3.12/site-packages/PyInstaller/hooks'
11769 INFO: Processing standard module hook 'hook-multiprocessing.util.py' from '/Users/samlai/miniconda3/envs/Local/lib/python3.12/site-packages/PyInstaller/hooks'
12709 INFO: Processing standard module hook 'hook-psutil.py' from '/Users/samlai/miniconda3/envs/Local/lib/python3.12/site-packages/_pyinstaller_hooks_contrib/stdhooks'
13751 INFO: Processing standard module hook 'hook-charset_normalizer.py' from '/Users/samlai/miniconda3/envs/Local/lib/python3.12/site-packages/_pyinstaller_hooks_contrib/stdhooks'
14194 INFO: Processing standard module hook 'hook-matplotlib.py' from '/Users/samlai/miniconda3/envs/Local/lib/python3.12/site-packages/PyInstaller/hooks'
15207 INFO: Processing pre-safe-import-module hook 'hook-packaging.py' from '/Users/samlai/miniconda3/envs/Local/lib/python3.12/site-packages/PyInstaller/hooks/pre_safe_import_module'
15213 INFO: SetuptoolsInfo: initializing cached setuptools info...
19905 INFO: Processing standard module hook 'hook-packaging.py' from '/Users/samlai/miniconda3/envs/Local/lib/python3.12/site-packages/PyInstaller/hooks'
19985 INFO: Processing pre-safe-import-module hook 'hook-gi.py' from '/Users/samlai/miniconda3/envs/Local/lib/python3.12/site-packages/PyInstaller/hooks/pre_safe_import_module'
20174 INFO: Processing standard module hook 'hook-matplotlib.backend_bases.py' from '/Users/samlai/miniconda3/envs/Local/lib/python3.12/site-packages/PyInstaller/hooks'
20288 INFO: Processing standard module hook 'hook-PIL.py' from '/Users/samlai/miniconda3/envs/Local/lib/python3.12/site-packages/PyInstaller/hooks'
20360 INFO: Processing standard module hook 'hook-PIL.Image.py' from '/Users/samlai/miniconda3/envs/Local/lib/python3.12/site-packages/PyInstaller/hooks'
21230 INFO: Processing pre-safe-import-module hook 'hook-typing_extensions.py' from '/Users/samlai/miniconda3/envs/Local/lib/python3.12/site-packages/PyInstaller/hooks/pre_safe_import_module'
21327 INFO: Processing standard module hook 'hook-xml.etree.cElementTree.py' from '/Users/samlai/miniconda3/envs/Local/lib/python3.12/site-packages/PyInstaller/hooks'
21413 INFO: Processing standard module hook 'hook-xml.dom.domreg.py' from '/Users/samlai/miniconda3/envs/Local/lib/python3.12/site-packages/PyInstaller/hooks'
21725 INFO: Processing standard module hook 'hook-pycparser.py' from '/Users/samlai/miniconda3/envs/Local/lib/python3.12/site-packages/_pyinstaller_hooks_contrib/stdhooks'
22091 INFO: Processing standard module hook 'hook-setuptools.py' from '/Users/samlai/miniconda3/envs/Local/lib/python3.12/site-packages/PyInstaller/hooks'
22125 INFO: Processing pre-safe-import-module hook 'hook-distutils.py' from '/Users/samlai/miniconda3/envs/Local/lib/python3.12/site-packages/PyInstaller/hooks/pre_safe_import_module'
22169 INFO: Processing pre-safe-import-module hook 'hook-jaraco.functools.py' from '/Users/samlai/miniconda3/envs/Local/lib/python3.12/site-packages/PyInstaller/hooks/pre_safe_import_module'
22172 INFO: Setuptools: 'jaraco.functools' appears to be a setuptools-vendored copy - creating alias to 'setuptools._vendor.jaraco.functools'!
22187 INFO: Processing pre-safe-import-module hook 'hook-more_itertools.py' from '/Users/samlai/miniconda3/envs/Local/lib/python3.12/site-packages/PyInstaller/hooks/pre_safe_import_module'
22190 INFO: Setuptools: 'more_itertools' appears to be a setuptools-vendored copy - creating alias to 'setuptools._vendor.more_itertools'!
22465 INFO: Processing pre-safe-import-module hook 'hook-jaraco.text.py' from '/Users/samlai/miniconda3/envs/Local/lib/python3.12/site-packages/PyInstaller/hooks/pre_safe_import_module'
22467 INFO: Setuptools: 'jaraco.text' appears to be a setuptools-vendored copy - creating alias to 'setuptools._vendor.jaraco.text'!
22480 INFO: Processing standard module hook 'hook-setuptools._vendor.jaraco.text.py' from '/Users/samlai/miniconda3/envs/Local/lib/python3.12/site-packages/PyInstaller/hooks'
22483 INFO: Processing pre-safe-import-module hook 'hook-importlib_resources.py' from '/Users/samlai/miniconda3/envs/Local/lib/python3.12/site-packages/PyInstaller/hooks/pre_safe_import_module'
22486 INFO: Processing pre-safe-import-module hook 'hook-jaraco.context.py' from '/Users/samlai/miniconda3/envs/Local/lib/python3.12/site-packages/PyInstaller/hooks/pre_safe_import_module'
22488 INFO: Setuptools: 'jaraco.context' appears to be a setuptools-vendored copy - creating alias to 'setuptools._vendor.jaraco.context'!
22503 INFO: Processing pre-safe-import-module hook 'hook-backports.tarfile.py' from '/Users/samlai/miniconda3/envs/Local/lib/python3.12/site-packages/PyInstaller/hooks/pre_safe_import_module'
22506 INFO: Setuptools: 'backports.tarfile' appears to be a setuptools-vendored copy - creating alias to 'setuptools._vendor.backports.tarfile'!
22571 INFO: Processing standard module hook 'hook-backports.py' from '/Users/samlai/miniconda3/envs/Local/lib/python3.12/site-packages/_pyinstaller_hooks_contrib/stdhooks'
22693 INFO: Processing pre-safe-import-module hook 'hook-importlib_metadata.py' from '/Users/samlai/miniconda3/envs/Local/lib/python3.12/site-packages/PyInstaller/hooks/pre_safe_import_module'
22695 INFO: Setuptools: 'importlib_metadata' appears to be a setuptools-vendored copy - creating alias to 'setuptools._vendor.importlib_metadata'!
22716 INFO: Processing standard module hook 'hook-setuptools._vendor.importlib_metadata.py' from '/Users/samlai/miniconda3/envs/Local/lib/python3.12/site-packages/PyInstaller/hooks'
22721 INFO: Processing pre-safe-import-module hook 'hook-zipp.py' from '/Users/samlai/miniconda3/envs/Local/lib/python3.12/site-packages/PyInstaller/hooks/pre_safe_import_module'
22723 INFO: Setuptools: 'zipp' appears to be a setuptools-vendored copy - creating alias to 'setuptools._vendor.zipp'!
23099 INFO: Processing pre-safe-import-module hook 'hook-tomli.py' from '/Users/samlai/miniconda3/envs/Local/lib/python3.12/site-packages/PyInstaller/hooks/pre_safe_import_module'
23101 INFO: Setuptools: 'tomli' appears to be a setuptools-vendored copy - creating alias to 'setuptools._vendor.tomli'!
23479 INFO: Processing standard module hook 'hook-pkg_resources.py' from '/Users/samlai/miniconda3/envs/Local/lib/python3.12/site-packages/PyInstaller/hooks'
24345 INFO: Processing pre-safe-import-module hook 'hook-platformdirs.py' from '/Users/samlai/miniconda3/envs/Local/lib/python3.12/site-packages/PyInstaller/hooks/pre_safe_import_module'
24376 INFO: Processing standard module hook 'hook-platformdirs.py' from '/Users/samlai/miniconda3/envs/Local/lib/python3.12/site-packages/_pyinstaller_hooks_contrib/stdhooks'
24610 INFO: Processing pre-safe-import-module hook 'hook-wheel.py' from '/Users/samlai/miniconda3/envs/Local/lib/python3.12/site-packages/PyInstaller/hooks/pre_safe_import_module'
25460 INFO: Processing standard module hook 'hook-PIL.ImageFilter.py' from '/Users/samlai/miniconda3/envs/Local/lib/python3.12/site-packages/PyInstaller/hooks'
25883 INFO: Processing standard module hook 'hook-jinja2.py' from '/Users/samlai/miniconda3/envs/Local/lib/python3.12/site-packages/_pyinstaller_hooks_contrib/stdhooks'
26364 INFO: Processing standard module hook 'hook-matplotlib.backends.py' from '/Users/samlai/miniconda3/envs/Local/lib/python3.12/site-packages/PyInstaller/hooks'
26445 INFO: Processing standard module hook 'hook-matplotlib.pyplot.py' from '/Users/samlai/miniconda3/envs/Local/lib/python3.12/site-packages/PyInstaller/hooks'
27339 INFO: Processing pre-safe-import-module hook 'hook-six.moves.py' from '/Users/samlai/miniconda3/envs/Local/lib/python3.12/site-packages/PyInstaller/hooks/pre_safe_import_module'
29255 INFO: Processing standard module hook 'hook-certifi.py' from '/Users/samlai/miniconda3/envs/Local/lib/python3.12/site-packages/_pyinstaller_hooks_contrib/stdhooks'
29281 INFO: Processing standard module hook 'hook-matplotlib.backends.backend_qtagg.py' from '/Users/samlai/miniconda3/envs/Local/lib/python3.12/site-packages/PyInstaller/hooks'
29290 INFO: Processing standard module hook 'hook-matplotlib.backends.qt_compat.py' from '/Users/samlai/miniconda3/envs/Local/lib/python3.12/site-packages/PyInstaller/hooks'
29618 WARNING: hook-matplotlib.backends.qt_compat: selected 'PyQt5' as Qt bindings, but multiple bindings are available: ['PyQt5', 'PyQt6']. Use the QT_API environment variable to select different bindings and suppress this warning.
29624 INFO: Processing standard module hook 'hook-PyQt5.py' from '/Users/samlai/miniconda3/envs/Local/lib/python3.12/site-packages/PyInstaller/hooks'
29628 INFO: Processing standard module hook 'hook-PyQt5.QtCore.py' from '/Users/samlai/miniconda3/envs/Local/lib/python3.12/site-packages/PyInstaller/hooks'
29691 INFO: Processing standard module hook 'hook-PyQt5.QtGui.py' from '/Users/samlai/miniconda3/envs/Local/lib/python3.12/site-packages/PyInstaller/hooks'
30112 INFO: Processing standard module hook 'hook-PyQt5.QtWidgets.py' from '/Users/samlai/miniconda3/envs/Local/lib/python3.12/site-packages/PyInstaller/hooks'
30302 INFO: Processing standard module hook 'hook-scipy.py' from '/Users/samlai/miniconda3/envs/Local/lib/python3.12/site-packages/PyInstaller/hooks'
33980 INFO: Processing standard module hook 'hook-scipy.special._ufuncs.py' from '/Users/samlai/miniconda3/envs/Local/lib/python3.12/site-packages/PyInstaller/hooks'
34100 INFO: Processing standard module hook 'hook-torch.py' from '/Users/samlai/miniconda3/envs/Local/lib/python3.12/site-packages/_pyinstaller_hooks_contrib/stdhooks'
OMP: Error #15: Initializing libomp.dylib, but found libomp.dylib already initialized.
OMP: Hint This means that multiple copies of the OpenMP runtime have been linked into the program. That is dangerous, since it can degrade performance or cause incorrect results. The best thing to do is to ensure that only a single OpenMP runtime is linked into the process, e.g. by avoiding static linking of the OpenMP runtime in any library. As an unsafe, unsupported, undocumented workaround you can set the environment variable KMP_DUPLICATE_LIB_OK=TRUE to allow the program to continue to execute, but that may cause crashes or silently produce incorrect results. For more information, please see http://openmp.llvm.org/
Traceback (most recent call last):
  File "/Users/samlai/miniconda3/envs/Local/bin/pyinstaller", line 8, in <module>
    sys.exit(_console_script_run())
             ^^^^^^^^^^^^^^^^^^^^^
  File "/Users/samlai/miniconda3/envs/Local/lib/python3.12/site-packages/PyInstaller/__main__.py", line 231, in _console_script_run
    run()
  File "/Users/samlai/miniconda3/envs/Local/lib/python3.12/site-packages/PyInstaller/__main__.py", line 215, in run
    run_build(pyi_config, spec_file, **vars(args))
  File "/Users/samlai/miniconda3/envs/Local/lib/python3.12/site-packages/PyInstaller/__main__.py", line 70, in run_build
    PyInstaller.building.build_main.main(pyi_config, spec_file, **kwargs)
  File "/Users/samlai/miniconda3/envs/Local/lib/python3.12/site-packages/PyInstaller/building/build_main.py", line 1270, in main
    build(specfile, distpath, workpath, clean_build)
  File "/Users/samlai/miniconda3/envs/Local/lib/python3.12/site-packages/PyInstaller/building/build_main.py", line 1208, in build
    exec(code, spec_namespace)
  File "pyTools_ResoLab.spec", line 7, in <module>
    a = Analysis(
        ^^^^^^^^^
  File "/Users/samlai/miniconda3/envs/Local/lib/python3.12/site-packages/PyInstaller/building/build_main.py", line 582, in __init__
    self.__postinit__()
  File "/Users/samlai/miniconda3/envs/Local/lib/python3.12/site-packages/PyInstaller/building/datastruct.py", line 184, in __postinit__
    self.assemble()
  File "/Users/samlai/miniconda3/envs/Local/lib/python3.12/site-packages/PyInstaller/building/build_main.py", line 712, in assemble
    program_scripts.append(self.graph.add_script(script))
                           ^^^^^^^^^^^^^^^^^^^^^^^^^^^^^
  File "/Users/samlai/miniconda3/envs/Local/lib/python3.12/site-packages/PyInstaller/depend/analysis.py", line 283, in add_script
    self._top_script_node = super().add_script(pathname)
                            ^^^^^^^^^^^^^^^^^^^^^^^^^^^^
  File "/Users/samlai/miniconda3/envs/Local/lib/python3.12/site-packages/PyInstaller/lib/modulegraph/modulegraph.py", line 1177, in add_script
    self._process_imports(n)
  File "/Users/samlai/miniconda3/envs/Local/lib/python3.12/site-packages/PyInstaller/lib/modulegraph/modulegraph.py", line 2608, in _process_imports
    target_modules = self._safe_import_hook(*import_info, **kwargs)
                     ^^^^^^^^^^^^^^^^^^^^^^^^^^^^^^^^^^^^^^^^^^^^^^
  File "/Users/samlai/miniconda3/envs/Local/lib/python3.12/site-packages/PyInstaller/depend/analysis.py", line 454, in _safe_import_hook
    ret_modules = super()._safe_import_hook(
                  ^^^^^^^^^^^^^^^^^^^^^^^^^^
  File "/Users/samlai/miniconda3/envs/Local/lib/python3.12/site-packages/PyInstaller/lib/modulegraph/modulegraph.py", line 2274, in _safe_import_hook
    self.import_hook(
  File "/Users/samlai/miniconda3/envs/Local/lib/python3.12/site-packages/PyInstaller/lib/modulegraph/modulegraph.py", line 1288, in import_hook
    for target_submodule in self._import_importable_package_submodules(
                            ^^^^^^^^^^^^^^^^^^^^^^^^^^^^^^^^^^^^^^^^^^^
  File "/Users/samlai/miniconda3/envs/Local/lib/python3.12/site-packages/PyInstaller/lib/modulegraph/modulegraph.py", line 1537, in _import_importable_package_submodules
    submodule = self._safe_import_module(
                ^^^^^^^^^^^^^^^^^^^^^^^^^
  File "/Users/samlai/miniconda3/envs/Local/lib/python3.12/site-packages/PyInstaller/depend/analysis.py", line 516, in _safe_import_module
    return super()._safe_import_module(module_basename, module_name, parent_package)
           ^^^^^^^^^^^^^^^^^^^^^^^^^^^^^^^^^^^^^^^^^^^^^^^^^^^^^^^^^^^^^^^^^^^^^^^^^
  File "/Users/samlai/miniconda3/envs/Local/lib/python3.12/site-packages/PyInstaller/lib/modulegraph/modulegraph.py", line 1809, in _safe_import_module
    self._process_imports(n)
  File "/Users/samlai/miniconda3/envs/Local/lib/python3.12/site-packages/PyInstaller/lib/modulegraph/modulegraph.py", line 2608, in _process_imports
    target_modules = self._safe_import_hook(*import_info, **kwargs)
                     ^^^^^^^^^^^^^^^^^^^^^^^^^^^^^^^^^^^^^^^^^^^^^^
  File "/Users/samlai/miniconda3/envs/Local/lib/python3.12/site-packages/PyInstaller/depend/analysis.py", line 454, in _safe_import_hook
    ret_modules = super()._safe_import_hook(
                  ^^^^^^^^^^^^^^^^^^^^^^^^^^
  File "/Users/samlai/miniconda3/envs/Local/lib/python3.12/site-packages/PyInstaller/lib/modulegraph/modulegraph.py", line 2065, in _safe_import_hook
    target_modules = self.import_hook(
                     ^^^^^^^^^^^^^^^^^
  File "/Users/samlai/miniconda3/envs/Local/lib/python3.12/site-packages/PyInstaller/lib/modulegraph/modulegraph.py", line 1249, in import_hook
    target_package, target_module_partname = self._find_head_package(
                                             ^^^^^^^^^^^^^^^^^^^^^^^^
  File "/Users/samlai/miniconda3/envs/Local/lib/python3.12/site-packages/PyInstaller/lib/modulegraph/modulegraph.py", line 1428, in _find_head_package
    target_package = self._safe_import_module(
                     ^^^^^^^^^^^^^^^^^^^^^^^^^
  File "/Users/samlai/miniconda3/envs/Local/lib/python3.12/site-packages/PyInstaller/depend/analysis.py", line 516, in _safe_import_module
    return super()._safe_import_module(module_basename, module_name, parent_package)
           ^^^^^^^^^^^^^^^^^^^^^^^^^^^^^^^^^^^^^^^^^^^^^^^^^^^^^^^^^^^^^^^^^^^^^^^^^
  File "/Users/samlai/miniconda3/envs/Local/lib/python3.12/site-packages/PyInstaller/lib/modulegraph/modulegraph.py", line 1809, in _safe_import_module
    self._process_imports(n)
  File "/Users/samlai/miniconda3/envs/Local/lib/python3.12/site-packages/PyInstaller/lib/modulegraph/modulegraph.py", line 2608, in _process_imports
    target_modules = self._safe_import_hook(*import_info, **kwargs)
                     ^^^^^^^^^^^^^^^^^^^^^^^^^^^^^^^^^^^^^^^^^^^^^^
  File "/Users/samlai/miniconda3/envs/Local/lib/python3.12/site-packages/PyInstaller/depend/analysis.py", line 454, in _safe_import_hook
    ret_modules = super()._safe_import_hook(
                  ^^^^^^^^^^^^^^^^^^^^^^^^^^
  File "/Users/samlai/miniconda3/envs/Local/lib/python3.12/site-packages/PyInstaller/lib/modulegraph/modulegraph.py", line 2065, in _safe_import_hook
    target_modules = self.import_hook(
                     ^^^^^^^^^^^^^^^^^
  File "/Users/samlai/miniconda3/envs/Local/lib/python3.12/site-packages/PyInstaller/lib/modulegraph/modulegraph.py", line 1262, in import_hook
    submodule = self._safe_import_module(head, mname, submodule)
                ^^^^^^^^^^^^^^^^^^^^^^^^^^^^^^^^^^^^^^^^^^^^^^^^
  File "/Users/samlai/miniconda3/envs/Local/lib/python3.12/site-packages/PyInstaller/depend/analysis.py", line 516, in _safe_import_module
    return super()._safe_import_module(module_basename, module_name, parent_package)
           ^^^^^^^^^^^^^^^^^^^^^^^^^^^^^^^^^^^^^^^^^^^^^^^^^^^^^^^^^^^^^^^^^^^^^^^^^
  File "/Users/samlai/miniconda3/envs/Local/lib/python3.12/site-packages/PyInstaller/lib/modulegraph/modulegraph.py", line 1809, in _safe_import_module
    self._process_imports(n)
  File "/Users/samlai/miniconda3/envs/Local/lib/python3.12/site-packages/PyInstaller/lib/modulegraph/modulegraph.py", line 2608, in _process_imports
    target_modules = self._safe_import_hook(*import_info, **kwargs)
                     ^^^^^^^^^^^^^^^^^^^^^^^^^^^^^^^^^^^^^^^^^^^^^^
  File "/Users/samlai/miniconda3/envs/Local/lib/python3.12/site-packages/PyInstaller/depend/analysis.py", line 454, in _safe_import_hook
    ret_modules = super()._safe_import_hook(
                  ^^^^^^^^^^^^^^^^^^^^^^^^^^
  File "/Users/samlai/miniconda3/envs/Local/lib/python3.12/site-packages/PyInstaller/lib/modulegraph/modulegraph.py", line 2065, in _safe_import_hook
    target_modules = self.import_hook(
                     ^^^^^^^^^^^^^^^^^
  File "/Users/samlai/miniconda3/envs/Local/lib/python3.12/site-packages/PyInstaller/lib/modulegraph/modulegraph.py", line 1249, in import_hook
    target_package, target_module_partname = self._find_head_package(
                                             ^^^^^^^^^^^^^^^^^^^^^^^^
  File "/Users/samlai/miniconda3/envs/Local/lib/python3.12/site-packages/PyInstaller/lib/modulegraph/modulegraph.py", line 1428, in _find_head_package
    target_package = self._safe_import_module(
                     ^^^^^^^^^^^^^^^^^^^^^^^^^
  File "/Users/samlai/miniconda3/envs/Local/lib/python3.12/site-packages/PyInstaller/depend/analysis.py", line 516, in _safe_import_module
    return super()._safe_import_module(module_basename, module_name, parent_package)
           ^^^^^^^^^^^^^^^^^^^^^^^^^^^^^^^^^^^^^^^^^^^^^^^^^^^^^^^^^^^^^^^^^^^^^^^^^
  File "/Users/samlai/miniconda3/envs/Local/lib/python3.12/site-packages/PyInstaller/lib/modulegraph/modulegraph.py", line 1809, in _safe_import_module
    self._process_imports(n)
  File "/Users/samlai/miniconda3/envs/Local/lib/python3.12/site-packages/PyInstaller/lib/modulegraph/modulegraph.py", line 2608, in _process_imports
    target_modules = self._safe_import_hook(*import_info, **kwargs)
                     ^^^^^^^^^^^^^^^^^^^^^^^^^^^^^^^^^^^^^^^^^^^^^^
  File "/Users/samlai/miniconda3/envs/Local/lib/python3.12/site-packages/PyInstaller/depend/analysis.py", line 454, in _safe_import_hook
    ret_modules = super()._safe_import_hook(
                  ^^^^^^^^^^^^^^^^^^^^^^^^^^
  File "/Users/samlai/miniconda3/envs/Local/lib/python3.12/site-packages/PyInstaller/lib/modulegraph/modulegraph.py", line 2065, in _safe_import_hook
    target_modules = self.import_hook(
                     ^^^^^^^^^^^^^^^^^
  File "/Users/samlai/miniconda3/envs/Local/lib/python3.12/site-packages/PyInstaller/lib/modulegraph/modulegraph.py", line 1249, in import_hook
    target_package, target_module_partname = self._find_head_package(
                                             ^^^^^^^^^^^^^^^^^^^^^^^^
  File "/Users/samlai/miniconda3/envs/Local/lib/python3.12/site-packages/PyInstaller/lib/modulegraph/modulegraph.py", line 1428, in _find_head_package
    target_package = self._safe_import_module(
                     ^^^^^^^^^^^^^^^^^^^^^^^^^
  File "/Users/samlai/miniconda3/envs/Local/lib/python3.12/site-packages/PyInstaller/depend/analysis.py", line 516, in _safe_import_module
    return super()._safe_import_module(module_basename, module_name, parent_package)
           ^^^^^^^^^^^^^^^^^^^^^^^^^^^^^^^^^^^^^^^^^^^^^^^^^^^^^^^^^^^^^^^^^^^^^^^^^
  File "/Users/samlai/miniconda3/envs/Local/lib/python3.12/site-packages/PyInstaller/lib/modulegraph/modulegraph.py", line 1809, in _safe_import_module
    self._process_imports(n)
  File "/Users/samlai/miniconda3/envs/Local/lib/python3.12/site-packages/PyInstaller/lib/modulegraph/modulegraph.py", line 2608, in _process_imports
    target_modules = self._safe_import_hook(*import_info, **kwargs)
                     ^^^^^^^^^^^^^^^^^^^^^^^^^^^^^^^^^^^^^^^^^^^^^^
  File "/Users/samlai/miniconda3/envs/Local/lib/python3.12/site-packages/PyInstaller/depend/analysis.py", line 454, in _safe_import_hook
    ret_modules = super()._safe_import_hook(
                  ^^^^^^^^^^^^^^^^^^^^^^^^^^
  File "/Users/samlai/miniconda3/envs/Local/lib/python3.12/site-packages/PyInstaller/lib/modulegraph/modulegraph.py", line 2065, in _safe_import_hook
    target_modules = self.import_hook(
                     ^^^^^^^^^^^^^^^^^
  File "/Users/samlai/miniconda3/envs/Local/lib/python3.12/site-packages/PyInstaller/lib/modulegraph/modulegraph.py", line 1249, in import_hook
    target_package, target_module_partname = self._find_head_package(
                                             ^^^^^^^^^^^^^^^^^^^^^^^^
  File "/Users/samlai/miniconda3/envs/Local/lib/python3.12/site-packages/PyInstaller/lib/modulegraph/modulegraph.py", line 1428, in _find_head_package
    target_package = self._safe_import_module(
                     ^^^^^^^^^^^^^^^^^^^^^^^^^
  File "/Users/samlai/miniconda3/envs/Local/lib/python3.12/site-packages/PyInstaller/depend/analysis.py", line 516, in _safe_import_module
    return super()._safe_import_module(module_basename, module_name, parent_package)
           ^^^^^^^^^^^^^^^^^^^^^^^^^^^^^^^^^^^^^^^^^^^^^^^^^^^^^^^^^^^^^^^^^^^^^^^^^
  File "/Users/samlai/miniconda3/envs/Local/lib/python3.12/site-packages/PyInstaller/lib/modulegraph/modulegraph.py", line 1809, in _safe_import_module
    self._process_imports(n)
  File "/Users/samlai/miniconda3/envs/Local/lib/python3.12/site-packages/PyInstaller/lib/modulegraph/modulegraph.py", line 2608, in _process_imports
    target_modules = self._safe_import_hook(*import_info, **kwargs)
                     ^^^^^^^^^^^^^^^^^^^^^^^^^^^^^^^^^^^^^^^^^^^^^^
  File "/Users/samlai/miniconda3/envs/Local/lib/python3.12/site-packages/PyInstaller/depend/analysis.py", line 454, in _safe_import_hook
    ret_modules = super()._safe_import_hook(
                  ^^^^^^^^^^^^^^^^^^^^^^^^^^
  File "/Users/samlai/miniconda3/envs/Local/lib/python3.12/site-packages/PyInstaller/lib/modulegraph/modulegraph.py", line 2065, in _safe_import_hook
    target_modules = self.import_hook(
                     ^^^^^^^^^^^^^^^^^
  File "/Users/samlai/miniconda3/envs/Local/lib/python3.12/site-packages/PyInstaller/lib/modulegraph/modulegraph.py", line 1249, in import_hook
    target_package, target_module_partname = self._find_head_package(
                                             ^^^^^^^^^^^^^^^^^^^^^^^^
  File "/Users/samlai/miniconda3/envs/Local/lib/python3.12/site-packages/PyInstaller/lib/modulegraph/modulegraph.py", line 1428, in _find_head_package
    target_package = self._safe_import_module(
                     ^^^^^^^^^^^^^^^^^^^^^^^^^
  File "/Users/samlai/miniconda3/envs/Local/lib/python3.12/site-packages/PyInstaller/depend/analysis.py", line 516, in _safe_import_module
    return super()._safe_import_module(module_basename, module_name, parent_package)
           ^^^^^^^^^^^^^^^^^^^^^^^^^^^^^^^^^^^^^^^^^^^^^^^^^^^^^^^^^^^^^^^^^^^^^^^^^
  File "/Users/samlai/miniconda3/envs/Local/lib/python3.12/site-packages/PyInstaller/lib/modulegraph/modulegraph.py", line 1809, in _safe_import_module
    self._process_imports(n)
  File "/Users/samlai/miniconda3/envs/Local/lib/python3.12/site-packages/PyInstaller/lib/modulegraph/modulegraph.py", line 2608, in _process_imports
    target_modules = self._safe_import_hook(*import_info, **kwargs)
                     ^^^^^^^^^^^^^^^^^^^^^^^^^^^^^^^^^^^^^^^^^^^^^^
  File "/Users/samlai/miniconda3/envs/Local/lib/python3.12/site-packages/PyInstaller/depend/analysis.py", line 454, in _safe_import_hook
    ret_modules = super()._safe_import_hook(
                  ^^^^^^^^^^^^^^^^^^^^^^^^^^
  File "/Users/samlai/miniconda3/envs/Local/lib/python3.12/site-packages/PyInstaller/lib/modulegraph/modulegraph.py", line 2065, in _safe_import_hook
    target_modules = self.import_hook(
                     ^^^^^^^^^^^^^^^^^
  File "/Users/samlai/miniconda3/envs/Local/lib/python3.12/site-packages/PyInstaller/lib/modulegraph/modulegraph.py", line 1262, in import_hook
    submodule = self._safe_import_module(head, mname, submodule)
                ^^^^^^^^^^^^^^^^^^^^^^^^^^^^^^^^^^^^^^^^^^^^^^^^
  File "/Users/samlai/miniconda3/envs/Local/lib/python3.12/site-packages/PyInstaller/depend/analysis.py", line 516, in _safe_import_module
    return super()._safe_import_module(module_basename, module_name, parent_package)
           ^^^^^^^^^^^^^^^^^^^^^^^^^^^^^^^^^^^^^^^^^^^^^^^^^^^^^^^^^^^^^^^^^^^^^^^^^
  File "/Users/samlai/miniconda3/envs/Local/lib/python3.12/site-packages/PyInstaller/lib/modulegraph/modulegraph.py", line 1809, in _safe_import_module
    self._process_imports(n)
  File "/Users/samlai/miniconda3/envs/Local/lib/python3.12/site-packages/PyInstaller/lib/modulegraph/modulegraph.py", line 2608, in _process_imports
    target_modules = self._safe_import_hook(*import_info, **kwargs)
                     ^^^^^^^^^^^^^^^^^^^^^^^^^^^^^^^^^^^^^^^^^^^^^^
  File "/Users/samlai/miniconda3/envs/Local/lib/python3.12/site-packages/PyInstaller/depend/analysis.py", line 454, in _safe_import_hook
    ret_modules = super()._safe_import_hook(
                  ^^^^^^^^^^^^^^^^^^^^^^^^^^
  File "/Users/samlai/miniconda3/envs/Local/lib/python3.12/site-packages/PyInstaller/lib/modulegraph/modulegraph.py", line 2274, in _safe_import_hook
    self.import_hook(
  File "/Users/samlai/miniconda3/envs/Local/lib/python3.12/site-packages/PyInstaller/lib/modulegraph/modulegraph.py", line 1288, in import_hook
    for target_submodule in self._import_importable_package_submodules(
                            ^^^^^^^^^^^^^^^^^^^^^^^^^^^^^^^^^^^^^^^^^^^
  File "/Users/samlai/miniconda3/envs/Local/lib/python3.12/site-packages/PyInstaller/lib/modulegraph/modulegraph.py", line 1537, in _import_importable_package_submodules
    submodule = self._safe_import_module(
                ^^^^^^^^^^^^^^^^^^^^^^^^^
  File "/Users/samlai/miniconda3/envs/Local/lib/python3.12/site-packages/PyInstaller/depend/analysis.py", line 516, in _safe_import_module
    return super()._safe_import_module(module_basename, module_name, parent_package)
           ^^^^^^^^^^^^^^^^^^^^^^^^^^^^^^^^^^^^^^^^^^^^^^^^^^^^^^^^^^^^^^^^^^^^^^^^^
  File "/Users/samlai/miniconda3/envs/Local/lib/python3.12/site-packages/PyInstaller/lib/modulegraph/modulegraph.py", line 1809, in _safe_import_module
    self._process_imports(n)
  File "/Users/samlai/miniconda3/envs/Local/lib/python3.12/site-packages/PyInstaller/lib/modulegraph/modulegraph.py", line 2608, in _process_imports
    target_modules = self._safe_import_hook(*import_info, **kwargs)
                     ^^^^^^^^^^^^^^^^^^^^^^^^^^^^^^^^^^^^^^^^^^^^^^
  File "/Users/samlai/miniconda3/envs/Local/lib/python3.12/site-packages/PyInstaller/depend/analysis.py", line 454, in _safe_import_hook
    ret_modules = super()._safe_import_hook(
                  ^^^^^^^^^^^^^^^^^^^^^^^^^^
  File "/Users/samlai/miniconda3/envs/Local/lib/python3.12/site-packages/PyInstaller/lib/modulegraph/modulegraph.py", line 2065, in _safe_import_hook
    target_modules = self.import_hook(
                     ^^^^^^^^^^^^^^^^^
  File "/Users/samlai/miniconda3/envs/Local/lib/python3.12/site-packages/PyInstaller/lib/modulegraph/modulegraph.py", line 1249, in import_hook
    target_package, target_module_partname = self._find_head_package(
                                             ^^^^^^^^^^^^^^^^^^^^^^^^
  File "/Users/samlai/miniconda3/envs/Local/lib/python3.12/site-packages/PyInstaller/lib/modulegraph/modulegraph.py", line 1428, in _find_head_package
    target_package = self._safe_import_module(
                     ^^^^^^^^^^^^^^^^^^^^^^^^^
  File "/Users/samlai/miniconda3/envs/Local/lib/python3.12/site-packages/PyInstaller/depend/analysis.py", line 516, in _safe_import_module
    return super()._safe_import_module(module_basename, module_name, parent_package)
           ^^^^^^^^^^^^^^^^^^^^^^^^^^^^^^^^^^^^^^^^^^^^^^^^^^^^^^^^^^^^^^^^^^^^^^^^^
  File "/Users/samlai/miniconda3/envs/Local/lib/python3.12/site-packages/PyInstaller/lib/modulegraph/modulegraph.py", line 1809, in _safe_import_module
    self._process_imports(n)
  File "/Users/samlai/miniconda3/envs/Local/lib/python3.12/site-packages/PyInstaller/lib/modulegraph/modulegraph.py", line 2608, in _process_imports
    target_modules = self._safe_import_hook(*import_info, **kwargs)
                     ^^^^^^^^^^^^^^^^^^^^^^^^^^^^^^^^^^^^^^^^^^^^^^
  File "/Users/samlai/miniconda3/envs/Local/lib/python3.12/site-packages/PyInstaller/depend/analysis.py", line 454, in _safe_import_hook
    ret_modules = super()._safe_import_hook(
                  ^^^^^^^^^^^^^^^^^^^^^^^^^^
  File "/Users/samlai/miniconda3/envs/Local/lib/python3.12/site-packages/PyInstaller/lib/modulegraph/modulegraph.py", line 2065, in _safe_import_hook
    target_modules = self.import_hook(
                     ^^^^^^^^^^^^^^^^^
  File "/Users/samlai/miniconda3/envs/Local/lib/python3.12/site-packages/PyInstaller/lib/modulegraph/modulegraph.py", line 1249, in import_hook
    target_package, target_module_partname = self._find_head_package(
                                             ^^^^^^^^^^^^^^^^^^^^^^^^
  File "/Users/samlai/miniconda3/envs/Local/lib/python3.12/site-packages/PyInstaller/lib/modulegraph/modulegraph.py", line 1428, in _find_head_package
    target_package = self._safe_import_module(
                     ^^^^^^^^^^^^^^^^^^^^^^^^^
  File "/Users/samlai/miniconda3/envs/Local/lib/python3.12/site-packages/PyInstaller/depend/analysis.py", line 516, in _safe_import_module
    return super()._safe_import_module(module_basename, module_name, parent_package)
           ^^^^^^^^^^^^^^^^^^^^^^^^^^^^^^^^^^^^^^^^^^^^^^^^^^^^^^^^^^^^^^^^^^^^^^^^^
  File "/Users/samlai/miniconda3/envs/Local/lib/python3.12/site-packages/PyInstaller/lib/modulegraph/modulegraph.py", line 1809, in _safe_import_module
    self._process_imports(n)
  File "/Users/samlai/miniconda3/envs/Local/lib/python3.12/site-packages/PyInstaller/lib/modulegraph/modulegraph.py", line 2608, in _process_imports
    target_modules = self._safe_import_hook(*import_info, **kwargs)
                     ^^^^^^^^^^^^^^^^^^^^^^^^^^^^^^^^^^^^^^^^^^^^^^
  File "/Users/samlai/miniconda3/envs/Local/lib/python3.12/site-packages/PyInstaller/depend/analysis.py", line 454, in _safe_import_hook
    ret_modules = super()._safe_import_hook(
                  ^^^^^^^^^^^^^^^^^^^^^^^^^^
  File "/Users/samlai/miniconda3/envs/Local/lib/python3.12/site-packages/PyInstaller/lib/modulegraph/modulegraph.py", line 2065, in _safe_import_hook
    target_modules = self.import_hook(
                     ^^^^^^^^^^^^^^^^^
  File "/Users/samlai/miniconda3/envs/Local/lib/python3.12/site-packages/PyInstaller/lib/modulegraph/modulegraph.py", line 1249, in import_hook
    target_package, target_module_partname = self._find_head_package(
                                             ^^^^^^^^^^^^^^^^^^^^^^^^
  File "/Users/samlai/miniconda3/envs/Local/lib/python3.12/site-packages/PyInstaller/lib/modulegraph/modulegraph.py", line 1428, in _find_head_package
    target_package = self._safe_import_module(
                     ^^^^^^^^^^^^^^^^^^^^^^^^^
  File "/Users/samlai/miniconda3/envs/Local/lib/python3.12/site-packages/PyInstaller/depend/analysis.py", line 516, in _safe_import_module
    return super()._safe_import_module(module_basename, module_name, parent_package)
           ^^^^^^^^^^^^^^^^^^^^^^^^^^^^^^^^^^^^^^^^^^^^^^^^^^^^^^^^^^^^^^^^^^^^^^^^^
  File "/Users/samlai/miniconda3/envs/Local/lib/python3.12/site-packages/PyInstaller/lib/modulegraph/modulegraph.py", line 1809, in _safe_import_module
    self._process_imports(n)
  File "/Users/samlai/miniconda3/envs/Local/lib/python3.12/site-packages/PyInstaller/lib/modulegraph/modulegraph.py", line 2608, in _process_imports
    target_modules = self._safe_import_hook(*import_info, **kwargs)
                     ^^^^^^^^^^^^^^^^^^^^^^^^^^^^^^^^^^^^^^^^^^^^^^
  File "/Users/samlai/miniconda3/envs/Local/lib/python3.12/site-packages/PyInstaller/depend/analysis.py", line 385, in _safe_import_hook
    excluded_imports = self._find_all_excluded_imports(source_module.identifier)
                       ^^^^^^^^^^^^^^^^^^^^^^^^^^^^^^^^^^^^^^^^^^^^^^^^^^^^^^^^^
  File "/Users/samlai/miniconda3/envs/Local/lib/python3.12/site-packages/PyInstaller/depend/analysis.py", line 373, in _find_all_excluded_imports
    excluded_imports.update(module_hook.excludedimports)
                            ^^^^^^^^^^^^^^^^^^^^^^^^^^^
  File "/Users/samlai/miniconda3/envs/Local/lib/python3.12/site-packages/PyInstaller/depend/imphook.py", line 343, in __getattr__
    self._load_hook_module()
  File "/Users/samlai/miniconda3/envs/Local/lib/python3.12/site-packages/PyInstaller/depend/imphook.py", line 422, in _load_hook_module
    self._hook_module = importlib_load_source(self.hook_module_name, self.hook_filename)
                        ^^^^^^^^^^^^^^^^^^^^^^^^^^^^^^^^^^^^^^^^^^^^^^^^^^^^^^^^^^^^^^^^
  File "/Users/samlai/miniconda3/envs/Local/lib/python3.12/site-packages/PyInstaller/compat.py", line 610, in importlib_load_source
    mod_loader.exec_module(mod)
  File "<frozen importlib._bootstrap_external>", line 995, in exec_module
  File "<frozen importlib._bootstrap>", line 488, in _call_with_frames_removed
  File "/Users/samlai/miniconda3/envs/Local/lib/python3.12/site-packages/_pyinstaller_hooks_contrib/stdhooks/hook-torch.py", line 43, in <module>
    hiddenimports = collect_submodules("torch")
                    ^^^^^^^^^^^^^^^^^^^^^^^^^^^
  File "/Users/samlai/miniconda3/envs/Local/lib/python3.12/site-packages/PyInstaller/utils/hooks/__init__.py", line 635, in collect_submodules
    modules, subpackages, on_error = isolated_python.call(_collect_submodules, name, on_error)
                                     ^^^^^^^^^^^^^^^^^^^^^^^^^^^^^^^^^^^^^^^^^^^^^^^^^^^^^^^^^
  File "/Users/samlai/miniconda3/envs/Local/lib/python3.12/site-packages/PyInstaller/isolated/_parent.py", line 322, in call
    raise SubprocessDiedError(
PyInstaller.isolated._parent.SubprocessDiedError: Child process died calling _collect_submodules() with args=('torch', 'warn once') and kwargs={}. Its exit code was -6.
